// Jest Snapshot v1, https://goo.gl/fbAQLP

exports[`astGraph should produce a graph from an ast 1`] = `
Object {
  "# Roles": Object {
    "## Pancake maker #role": Object {
      "### Purpose": Object {
        "raw": Array [
          "To make the best Pancakes in the world",
        ],
      },
      "### Song": Object {
        "raw": Array [
          "Pancakes, Pancakes !",
        ],
      },
      "### Tasks": Object {
        "raw": Array [
          Array [
            "- Mix ingredients",
            "- Heat the pan",
            "- Prepare the Pancakes",
          ],
          "And a paragraph, explaining even more things",
        ],
      },
      "### Who": Object {
        "raw": Array [
          Array [
            "- Bob",
            "- Alice",
          ],
        ],
      },
      "raw": Array [
        "Some text for the Pancake maker",
      ],
    },
    "## Pancake seller #role": Object {
      "### Purpose": Object {
        "raw": Array [
          "Sell the Pancakes to the customers",
        ],
      },
      "### Tasks": Object {
        "raw": Array [
          Array [
            "- Coordination of Pancake economic activities",
            "- Advertise the Pancakes",
          ],
        ],
      },
      "### Who": Object {
        "raw": Array [
          Array [
            "- Charlie",
          ],
        ],
      },
    },
  },
  "raw": Array [
    "---
description: Simple text
---",
  ],
}
`;
