// Jest Snapshot v1, https://goo.gl/fbAQLP

exports[`match can use a taxonomy (recursive patterns) 1`] = `
"@prefix rdf: <http://www.w3.org/1999/02/22-rdf-syntax-ns#> .
@prefix schema: <http://schema.org/> .
@prefix sh: <http://www.w3.org/ns/shacl#> .
@prefix xsd: <http://www.w3.org/2001/XMLSchema#> .
@prefix foaf: <http://xmlns.com/foaf/0.1/> .
@prefix purl: <http://purl.org/dc/terms/> .
@prefix rdfs: <http://www.w3.org/2000/01/rdf-schema#> .
@prefix ex: <http://example.org/> .
@prefix dot: <http://dottriples.org/> .
@prefix mark: <http://markdown.org/> .

<http://example.org/named/1> a ex:Thing ;
	ex:hasChildren <http://example.org/named/2> .

<http://example.org/named/2> a ex:Thing ;
	ex:hasChildren <http://example.org/named/3>, <http://example.org/named/8> ;
	schema:name \\"Things\\" .

<http://example.org/named/3> a ex:Thing ;
	ex:hasChildren <http://example.org/named/4>, <http://example.org/named/6>, <http://example.org/named/7> ;
	schema:name \\"Food\\" .

<http://example.org/named/4> a ex:Thing ;
	ex:hasChildren <http://example.org/named/5> ;
	schema:name \\"Red\\" .

<http://example.org/named/5> a ex:Thing ;
	schema:name \\"Tomato\\" .

<http://example.org/named/6> a ex:Thing ;
	schema:name \\"Green\\" .

<http://example.org/named/7> a ex:Thing ;
	schema:name \\"Lettuce\\" .

<http://example.org/named/8> a ex:Thing ;
	ex:hasChildren <http://example.org/named/9>, <http://example.org/named/10>, <http://example.org/named/11>, <http://example.org/named/12>, <http://example.org/named/13>, <http://example.org/named/14>, <http://example.org/named/15> ;
	schema:name \\"Tools\\" .

<http://example.org/named/9> a ex:Thing ;
	schema:name \\"Metal\\" .

<http://example.org/named/10> a ex:Thing ;
	schema:name \\"* Screwdriver\\" .

<http://example.org/named/11> a ex:Thing ;
	schema:name \\"* Hammer\\" .

<http://example.org/named/12> a ex:Thing ;
	schema:name \\"Wood\\" .

<http://example.org/named/13> a ex:Thing ;
	schema:name \\"1\\" .

<http://example.org/named/14> a ex:Thing ;
	schema:name \\"2\\" .

<http://example.org/named/15> a ex:Thing ;
	schema:name \\"3\\" .

"
`;

exports[`match produces quads using embedded tag 1`] = `
"@prefix rdf: <http://www.w3.org/1999/02/22-rdf-syntax-ns#> .
@prefix schema: <http://schema.org/> .
@prefix sh: <http://www.w3.org/ns/shacl#> .
@prefix xsd: <http://www.w3.org/2001/XMLSchema#> .
@prefix foaf: <http://xmlns.com/foaf/0.1/> .
@prefix purl: <http://purl.org/dc/terms/> .
@prefix rdfs: <http://www.w3.org/2000/01/rdf-schema#> .
@prefix ex: <http://example.org/> .
@prefix dot: <http://dottriples.org/> .
@prefix mark: <http://markdown.org/> .

<http://example.org/named/1> a ex:Role ;
	schema:name \\"Pancake maker\\" ;
	ex:assignment <http://example.org/named/2>, <http://example.org/named/3> ;
	ex:purpose \\"To make the best Pancakes in the world\\" ;
	ex:tasks \\"And a paragraph, explaining even more things\\", \\"Mix ingredients\\", \\"Heat the pan\\", \\"Prepare the Pancakes\\" .

<http://example.org/named/2> schema:name \\"Bob\\" ;
	ex:action \\"prepare\\" .

<http://example.org/named/3> schema:name \\"Alice\\" ;
	ex:action \\"cook\\" .

<http://example.org/named/4> a ex:Role ;
	schema:name \\"Pancake seller\\" ;
	ex:assignment <http://example.org/named/5> ;
	ex:purpose \\"Sell the Pancakes to the customers\\" ;
	ex:tasks \\"Coordination of Pancake economic activities\\", \\"Advertise the Pancakes\\" .

<http://example.org/named/5> schema:name \\"Charlie\\" .

"
`;

exports[`match produces quads using lists 1`] = `
"@prefix rdf: <http://www.w3.org/1999/02/22-rdf-syntax-ns#> .
@prefix schema: <http://schema.org/> .
@prefix sh: <http://www.w3.org/ns/shacl#> .
@prefix xsd: <http://www.w3.org/2001/XMLSchema#> .
@prefix foaf: <http://xmlns.com/foaf/0.1/> .
@prefix purl: <http://purl.org/dc/terms/> .
@prefix rdfs: <http://www.w3.org/2000/01/rdf-schema#> .
@prefix ex: <http://example.org/> .
@prefix dot: <http://dottriples.org/> .
@prefix mark: <http://markdown.org/> .

<http://example.org/named/1> a ex:People ;
	schema:hasPart <http://example.org/named/2>, <http://example.org/named/4>, <http://example.org/named/6> .

<http://example.org/named/2> a ex:Person ;
	schema:name \\"Alice\\" ;
	ex:content <http://example.org/named/3> .

<http://example.org/named/3> schema:name \\"\\" ;
	ex:hasAge \\"22\\" .

<http://example.org/named/4> a ex:Person ;
	schema:name \\"Bob\\" ;
	ex:content <http://example.org/named/5> ;
	ex:hasAge \\"42\\" .

<http://example.org/named/5> schema:name \\"Eating\\" .

<http://example.org/named/6> a ex:Person ;
	schema:name \\"Charlie\\" ;
	ex:content <http://example.org/named/7> .

<http://example.org/named/7> schema:name \\"Charlie is a good guy.\\" ;
	ex:hasAge \\"56\\" .

"
`;
